
Merging program properties


As-needed library included to satisfy reference by file (symbol)

libstdc++.so.6                build/objects/main.o (std::__cxx11::basic_string<char, std::char_traits<char>, std::allocator<char> >::_S_copy_chars(char*, char const*, char const*)@@GLIBCXX_3.4.21)
libgcc_s.so.1                 build/objects/main.o (_Unwind_Resume@@GCC_3.0)
libc.so.6                     /usr/lib/gcc/x86_64-linux-gnu/11/../../../x86_64-linux-gnu/Scrt1.o (__libc_start_main@@GLIBC_2.34)

Discarded input sections

 .note.GNU-stack
                0x0000000000000000        0x0 /usr/lib/gcc/x86_64-linux-gnu/11/../../../x86_64-linux-gnu/Scrt1.o
 .note.gnu.property
                0x0000000000000000       0x20 /usr/lib/gcc/x86_64-linux-gnu/11/../../../x86_64-linux-gnu/crti.o
 .note.GNU-stack
                0x0000000000000000        0x0 /usr/lib/gcc/x86_64-linux-gnu/11/../../../x86_64-linux-gnu/crti.o
 .note.GNU-stack
                0x0000000000000000        0x0 /usr/lib/gcc/x86_64-linux-gnu/11/crtbeginS.o
 .note.gnu.property
                0x0000000000000000       0x20 /usr/lib/gcc/x86_64-linux-gnu/11/crtbeginS.o
 .group         0x0000000000000000        0xc build/objects/main.o
 .group         0x0000000000000000        0x8 build/objects/main.o
 .group         0x0000000000000000        0xc build/objects/main.o
 .group         0x0000000000000000        0xc build/objects/main.o
 .group         0x0000000000000000        0xc build/objects/main.o
 .group         0x0000000000000000        0xc build/objects/main.o
 .group         0x0000000000000000        0xc build/objects/main.o
 .group         0x0000000000000000        0x8 build/objects/main.o
 .group         0x0000000000000000        0x8 build/objects/main.o
 .group         0x0000000000000000        0x8 build/objects/main.o
 .group         0x0000000000000000        0xc build/objects/main.o
 .note.GNU-stack
                0x0000000000000000        0x0 build/objects/main.o
 .note.gnu.property
                0x0000000000000000       0x20 build/objects/main.o
 .note.GNU-stack
                0x0000000000000000        0x0 build/objects/log.o
 .note.gnu.property
                0x0000000000000000       0x20 build/objects/log.o
 .group         0x0000000000000000        0xc build/objects/student.o
 .group         0x0000000000000000        0x8 build/objects/student.o
 .group         0x0000000000000000        0xc build/objects/student.o
 .group         0x0000000000000000        0xc build/objects/student.o
 .group         0x0000000000000000        0xc build/objects/student.o
 .group         0x0000000000000000        0xc build/objects/student.o
 .group         0x0000000000000000        0xc build/objects/student.o
 .group         0x0000000000000000        0x8 build/objects/student.o
 .group         0x0000000000000000        0x8 build/objects/student.o
 .group         0x0000000000000000        0x8 build/objects/student.o
 .group         0x0000000000000000        0xc build/objects/student.o
 .text._ZNSt11char_traitsIcE6lengthEPKc
                0x0000000000000000       0x3e build/objects/student.o
 .text._ZN9__gnu_cxx11char_traitsIcE2eqERKcS3_
                0x0000000000000000       0x25 build/objects/student.o
 .text._ZN9__gnu_cxx11char_traitsIcE6lengthEPKc
                0x0000000000000000       0x6d build/objects/student.o
 .text._ZNSt7__cxx1112basic_stringIcSt11char_traitsIcESaIcEE12_Alloc_hiderD2Ev
                0x0000000000000000       0x1f build/objects/student.o
 .text._ZNSt7__cxx1112basic_stringIcSt11char_traitsIcESaIcEEC2IS3_EEPKcRKS3_
                0x0000000000000000       0xc3 build/objects/student.o
 .text._ZSt8distanceIPKcENSt15iterator_traitsIT_E15difference_typeES3_S3_
                0x0000000000000000       0x35 build/objects/student.o
 .text._ZNSt7__cxx1112basic_stringIcSt11char_traitsIcESaIcEE12_M_constructIPKcEEvT_S8_St20forward_iterator_tag
                0x0000000000000000      0x145 build/objects/student.o
 .text._ZN9__gnu_cxx17__is_null_pointerIKcEEbPT_
                0x0000000000000000       0x16 build/objects/student.o
 .text._ZSt19__iterator_categoryIPKcENSt15iterator_traitsIT_E17iterator_categoryERKS3_
                0x0000000000000000        0xe build/objects/student.o
 .text._ZSt10__distanceIPKcENSt15iterator_traitsIT_E15difference_typeES3_S3_St26random_access_iterator_tag
                0x0000000000000000       0x1a build/objects/student.o
 .data.rel.local.DW.ref.__gxx_personality_v0
                0x0000000000000000        0x8 build/objects/student.o
 .note.GNU-stack
                0x0000000000000000        0x0 build/objects/student.o
 .note.gnu.property
                0x0000000000000000       0x20 build/objects/student.o
 .note.GNU-stack
                0x0000000000000000        0x0 /usr/lib/gcc/x86_64-linux-gnu/11/crtendS.o
 .note.gnu.property
                0x0000000000000000       0x20 /usr/lib/gcc/x86_64-linux-gnu/11/crtendS.o
 .note.gnu.property
                0x0000000000000000       0x20 /usr/lib/gcc/x86_64-linux-gnu/11/../../../x86_64-linux-gnu/crtn.o
 .note.GNU-stack
                0x0000000000000000        0x0 /usr/lib/gcc/x86_64-linux-gnu/11/../../../x86_64-linux-gnu/crtn.o

Memory Configuration

Name             Origin             Length             Attributes
*default*        0x0000000000000000 0xffffffffffffffff

Linker script and memory map

LOAD /usr/lib/gcc/x86_64-linux-gnu/11/../../../x86_64-linux-gnu/Scrt1.o
LOAD /usr/lib/gcc/x86_64-linux-gnu/11/../../../x86_64-linux-gnu/crti.o
LOAD /usr/lib/gcc/x86_64-linux-gnu/11/crtbeginS.o
LOAD build/objects/main.o
LOAD build/objects/log.o
LOAD build/objects/student.o
LOAD /usr/lib/gcc/x86_64-linux-gnu/11/libstdc++.so
LOAD /usr/lib/gcc/x86_64-linux-gnu/11/../../../x86_64-linux-gnu/libm.so
START GROUP
LOAD /lib/x86_64-linux-gnu/libm.so.6
LOAD /lib/x86_64-linux-gnu/libmvec.so.1
END GROUP
LOAD /usr/lib/gcc/x86_64-linux-gnu/11/libgcc_s.so
START GROUP
LOAD /usr/lib/gcc/x86_64-linux-gnu/11/../../../x86_64-linux-gnu/libgcc_s.so.1
LOAD /usr/lib/gcc/x86_64-linux-gnu/11/libgcc.a
END GROUP
LOAD /usr/lib/gcc/x86_64-linux-gnu/11/libgcc.a
LOAD /usr/lib/gcc/x86_64-linux-gnu/11/../../../x86_64-linux-gnu/libc.so
START GROUP
LOAD /lib/x86_64-linux-gnu/libc.so.6
LOAD /usr/lib/x86_64-linux-gnu/libc_nonshared.a
LOAD /lib64/ld-linux-x86-64.so.2
END GROUP
LOAD /usr/lib/gcc/x86_64-linux-gnu/11/libgcc_s.so
START GROUP
LOAD /usr/lib/gcc/x86_64-linux-gnu/11/../../../x86_64-linux-gnu/libgcc_s.so.1
LOAD /usr/lib/gcc/x86_64-linux-gnu/11/libgcc.a
END GROUP
LOAD /usr/lib/gcc/x86_64-linux-gnu/11/libgcc.a
LOAD /usr/lib/gcc/x86_64-linux-gnu/11/crtendS.o
LOAD /usr/lib/gcc/x86_64-linux-gnu/11/../../../x86_64-linux-gnu/crtn.o
                [!provide]                        PROVIDE (__executable_start = SEGMENT_START ("text-segment", 0x0))
                0x0000000000000318                . = (SEGMENT_START ("text-segment", 0x0) + SIZEOF_HEADERS)

.interp         0x0000000000000318       0x1c
 *(.interp)
 .interp        0x0000000000000318       0x1c /usr/lib/gcc/x86_64-linux-gnu/11/../../../x86_64-linux-gnu/Scrt1.o

.note.gnu.property
                0x0000000000000338       0x30
 .note.gnu.property
                0x0000000000000338       0x30 /usr/lib/gcc/x86_64-linux-gnu/11/../../../x86_64-linux-gnu/Scrt1.o

.note.gnu.build-id
                0x0000000000000368       0x24
 *(.note.gnu.build-id)
 .note.gnu.build-id
                0x0000000000000368       0x24 /usr/lib/gcc/x86_64-linux-gnu/11/../../../x86_64-linux-gnu/Scrt1.o

.note.ABI-tag   0x000000000000038c       0x20
 .note.ABI-tag  0x000000000000038c       0x20 /usr/lib/gcc/x86_64-linux-gnu/11/../../../x86_64-linux-gnu/Scrt1.o

.hash
 *(.hash)

.gnu.hash       0x00000000000003b0       0x30
 *(.gnu.hash)
 .gnu.hash      0x00000000000003b0       0x30 /usr/lib/gcc/x86_64-linux-gnu/11/../../../x86_64-linux-gnu/Scrt1.o

.dynsym         0x00000000000003e0      0x360
 *(.dynsym)
 .dynsym        0x00000000000003e0      0x360 /usr/lib/gcc/x86_64-linux-gnu/11/../../../x86_64-linux-gnu/Scrt1.o

.dynstr         0x0000000000000740      0x5d7
 *(.dynstr)
 .dynstr        0x0000000000000740      0x5d7 /usr/lib/gcc/x86_64-linux-gnu/11/../../../x86_64-linux-gnu/Scrt1.o

.gnu.version    0x0000000000000d18       0x48
 *(.gnu.version)
 .gnu.version   0x0000000000000d18       0x48 /usr/lib/gcc/x86_64-linux-gnu/11/../../../x86_64-linux-gnu/Scrt1.o

.gnu.version_d  0x0000000000000d60        0x0
 *(.gnu.version_d)
 .gnu.version_d
                0x0000000000000d60        0x0 /usr/lib/gcc/x86_64-linux-gnu/11/../../../x86_64-linux-gnu/Scrt1.o

.gnu.version_r  0x0000000000000d60       0xa0
 *(.gnu.version_r)
 .gnu.version_r
                0x0000000000000d60       0xa0 /usr/lib/gcc/x86_64-linux-gnu/11/../../../x86_64-linux-gnu/Scrt1.o

.rela.dyn       0x0000000000000e00      0x168
 *(.rela.init)
 *(.rela.text .rela.text.* .rela.gnu.linkonce.t.*)
 .rela.text     0x0000000000000e00        0x0 /usr/lib/gcc/x86_64-linux-gnu/11/../../../x86_64-linux-gnu/Scrt1.o
 *(.rela.fini)
 *(.rela.rodata .rela.rodata.* .rela.gnu.linkonce.r.*)
 *(.rela.data .rela.data.* .rela.gnu.linkonce.d.*)
 .rela.data.rel.ro
                0x0000000000000e00        0x0 /usr/lib/gcc/x86_64-linux-gnu/11/../../../x86_64-linux-gnu/Scrt1.o
 .rela.data.rel.local
                0x0000000000000e00       0x18 /usr/lib/gcc/x86_64-linux-gnu/11/../../../x86_64-linux-gnu/Scrt1.o
 .rela.data.rel.local.DW.ref.__gxx_personality_v0
                0x0000000000000e18       0x18 /usr/lib/gcc/x86_64-linux-gnu/11/../../../x86_64-linux-gnu/Scrt1.o
 *(.rela.tdata .rela.tdata.* .rela.gnu.linkonce.td.*)
 *(.rela.tbss .rela.tbss.* .rela.gnu.linkonce.tb.*)
 *(.rela.ctors)
 *(.rela.dtors)
 *(.rela.got)
 .rela.got      0x0000000000000e30       0xa8 /usr/lib/gcc/x86_64-linux-gnu/11/../../../x86_64-linux-gnu/Scrt1.o
 *(.rela.bss .rela.bss.* .rela.gnu.linkonce.b.*)
 .rela.bss      0x0000000000000ed8       0x18 /usr/lib/gcc/x86_64-linux-gnu/11/../../../x86_64-linux-gnu/Scrt1.o
 *(.rela.ldata .rela.ldata.* .rela.gnu.linkonce.l.*)
 *(.rela.lbss .rela.lbss.* .rela.gnu.linkonce.lb.*)
 *(.rela.lrodata .rela.lrodata.* .rela.gnu.linkonce.lr.*)
 *(.rela.ifunc)
 .rela.ifunc    0x0000000000000ef0        0x0 /usr/lib/gcc/x86_64-linux-gnu/11/../../../x86_64-linux-gnu/Scrt1.o
 .rela.fini_array
                0x0000000000000ef0       0x18 /usr/lib/gcc/x86_64-linux-gnu/11/../../../x86_64-linux-gnu/Scrt1.o
 .rela.init_array
                0x0000000000000f08       0x60 /usr/lib/gcc/x86_64-linux-gnu/11/../../../x86_64-linux-gnu/Scrt1.o
 .rela.eh_frame
                0x0000000000000f68        0x0 /usr/lib/gcc/x86_64-linux-gnu/11/../../../x86_64-linux-gnu/Scrt1.o

.rela.plt       0x0000000000000f68      0x258
 *(.rela.plt)
 .rela.plt      0x0000000000000f68      0x258 /usr/lib/gcc/x86_64-linux-gnu/11/../../../x86_64-linux-gnu/Scrt1.o
 *(.rela.iplt)

.relr.dyn
 *(.relr.dyn)
                0x0000000000002000                . = ALIGN (CONSTANT (MAXPAGESIZE))

.init           0x0000000000002000       0x1b
 *(SORT_NONE(.init))
 .init          0x0000000000002000       0x16 /usr/lib/gcc/x86_64-linux-gnu/11/../../../x86_64-linux-gnu/crti.o
                0x0000000000002000                _init
 .init          0x0000000000002016        0x5 /usr/lib/gcc/x86_64-linux-gnu/11/../../../x86_64-linux-gnu/crtn.o

.plt            0x0000000000002020      0x1a0
 *(.plt)
 .plt           0x0000000000002020      0x1a0 /usr/lib/gcc/x86_64-linux-gnu/11/../../../x86_64-linux-gnu/Scrt1.o
 *(.iplt)

.plt.got        0x00000000000021c0       0x10
 *(.plt.got)
 .plt.got       0x00000000000021c0       0x10 /usr/lib/gcc/x86_64-linux-gnu/11/../../../x86_64-linux-gnu/Scrt1.o
                0x00000000000021c0                __cxa_finalize@@GLIBC_2.2.5

.plt.sec        0x00000000000021d0      0x190
 *(.plt.sec)
 .plt.sec       0x00000000000021d0      0x190 /usr/lib/gcc/x86_64-linux-gnu/11/../../../x86_64-linux-gnu/Scrt1.o
                0x00000000000021d0                std::allocator<char>::~allocator()@@GLIBCXX_3.4
                0x00000000000021e0                __cxa_begin_catch@@CXXABI_1.3
                0x00000000000021f0                strlen@@GLIBC_2.2.5
                0x0000000000002200                std::__cxx11::basic_string<char, std::char_traits<char>, std::allocator<char> >::~basic_string()@@GLIBCXX_3.4.21
                0x0000000000002210                std::__cxx11::basic_string<char, std::char_traits<char>, std::allocator<char> >::_M_set_length(unsigned long)@@GLIBCXX_3.4.21
                0x0000000000002220                std::__throw_logic_error(char const*)@@GLIBCXX_3.4
                0x0000000000002230                std::__cxx11::basic_string<char, std::char_traits<char>, std::allocator<char> >::_M_local_data()@@GLIBCXX_3.4.21
                0x0000000000002240                std::__cxx11::basic_string<char, std::char_traits<char>, std::allocator<char> >::_M_data(char*)@@GLIBCXX_3.4.21
                0x0000000000002250                __cxa_atexit@@GLIBC_2.2.5
                0x0000000000002260                std::basic_ostream<char, std::char_traits<char> >& std::operator<< <char, std::char_traits<char>, std::allocator<char> >(std::basic_ostream<char, std::char_traits<char> >&, std::__cxx11::basic_string<char, std::char_traits<char>, std::allocator<char> > const&)@@GLIBCXX_3.4.21
                0x0000000000002270                std::basic_ostream<char, std::char_traits<char> >& std::operator<< <std::char_traits<char> >(std::basic_ostream<char, std::char_traits<char> >&, char const*)@@GLIBCXX_3.4
                0x0000000000002280                std::ostream::operator<<(std::ostream& (*)(std::ostream&))@@GLIBCXX_3.4
                0x0000000000002290                std::__cxx11::basic_string<char, std::char_traits<char>, std::allocator<char> >::_Alloc_hider::_Alloc_hider(char*, std::allocator<char> const&)@@GLIBCXX_3.4.21
                0x00000000000022a0                std::allocator<char>::~allocator()@@GLIBCXX_3.4
                0x00000000000022b0                std::__cxx11::basic_string<char, std::char_traits<char>, std::allocator<char> >::_M_data() const@@GLIBCXX_3.4.21
                0x00000000000022c0                std::__cxx11::basic_string<char, std::char_traits<char>, std::allocator<char> >::_S_copy_chars(char*, char const*, char const*)@@GLIBCXX_3.4.21
                0x00000000000022d0                __stack_chk_fail@@GLIBC_2.4
                0x00000000000022e0                std::__cxx11::basic_string<char, std::char_traits<char>, std::allocator<char> >::_M_dispose()@@GLIBCXX_3.4.21
                0x00000000000022f0                __cxa_rethrow@@CXXABI_1.3
                0x0000000000002300                std::ios_base::Init::Init()@@GLIBCXX_3.4
                0x0000000000002310                __cxa_end_catch@@CXXABI_1.3
                0x0000000000002320                _Unwind_Resume@@GCC_3.0
                0x0000000000002330                std::allocator<char>::allocator()@@GLIBCXX_3.4
                0x0000000000002340                std::__cxx11::basic_string<char, std::char_traits<char>, std::allocator<char> >::_M_create(unsigned long&, unsigned long)@@GLIBCXX_3.4.21
                0x0000000000002350                std::__cxx11::basic_string<char, std::char_traits<char>, std::allocator<char> >::_M_capacity(unsigned long)@@GLIBCXX_3.4.21

.text           0x0000000000002360      0x807
 *(.text.unlikely .text.*_unlikely .text.unlikely.*)
 *(.text.exit .text.exit.*)
 *(.text.startup .text.startup.*)
 *(.text.hot .text.hot.*)
 *(SORT_BY_NAME(.text.sorted.*))
 *(.text .stub .text.* .gnu.linkonce.t.*)
 .text          0x0000000000002360       0x26 /usr/lib/gcc/x86_64-linux-gnu/11/../../../x86_64-linux-gnu/Scrt1.o
                0x0000000000002360                _start
 .text          0x0000000000002386        0x0 /usr/lib/gcc/x86_64-linux-gnu/11/../../../x86_64-linux-gnu/crti.o
 *fill*         0x0000000000002386        0xa 
 .text          0x0000000000002390       0xb9 /usr/lib/gcc/x86_64-linux-gnu/11/crtbeginS.o
 .text          0x0000000000002449      0x12e build/objects/main.o
                0x0000000000002449                main
 .text._ZNSt11char_traitsIcE6lengthEPKc
                0x0000000000002577       0x3e build/objects/main.o
                0x0000000000002577                std::char_traits<char>::length(char const*)
 .text._ZN9__gnu_cxx11char_traitsIcE2eqERKcS3_
                0x00000000000025b5       0x25 build/objects/main.o
                0x00000000000025b5                __gnu_cxx::char_traits<char>::eq(char const&, char const&)
 .text._ZN9__gnu_cxx11char_traitsIcE6lengthEPKc
                0x00000000000025da       0x6d build/objects/main.o
                0x00000000000025da                __gnu_cxx::char_traits<char>::length(char const*)
 *fill*         0x0000000000002647        0x1 
 .text._ZNSt7__cxx1112basic_stringIcSt11char_traitsIcESaIcEE12_Alloc_hiderD2Ev
                0x0000000000002648       0x1f build/objects/main.o
                0x0000000000002648                std::__cxx11::basic_string<char, std::char_traits<char>, std::allocator<char> >::_Alloc_hider::~_Alloc_hider()
                0x0000000000002648                std::__cxx11::basic_string<char, std::char_traits<char>, std::allocator<char> >::_Alloc_hider::~_Alloc_hider()
 *fill*         0x0000000000002667        0x1 
 .text._ZNSt7__cxx1112basic_stringIcSt11char_traitsIcESaIcEEC2IS3_EEPKcRKS3_
                0x0000000000002668       0xc3 build/objects/main.o
                0x0000000000002668                std::__cxx11::basic_string<char, std::char_traits<char>, std::allocator<char> >::basic_string<std::allocator<char> >(char const*, std::allocator<char> const&)
                0x0000000000002668                std::__cxx11::basic_string<char, std::char_traits<char>, std::allocator<char> >::basic_string<std::allocator<char> >(char const*, std::allocator<char> const&)
 .text._ZSt8distanceIPKcENSt15iterator_traitsIT_E15difference_typeES3_S3_
                0x000000000000272b       0x35 build/objects/main.o
                0x000000000000272b                std::iterator_traits<char const*>::difference_type std::distance<char const*>(char const*, char const*)
 .text._ZNSt7__cxx1112basic_stringIcSt11char_traitsIcESaIcEE12_M_constructIPKcEEvT_S8_St20forward_iterator_tag
                0x0000000000002760      0x145 build/objects/main.o
                0x0000000000002760                void std::__cxx11::basic_string<char, std::char_traits<char>, std::allocator<char> >::_M_construct<char const*>(char const*, char const*, std::forward_iterator_tag)
 .text._ZN9__gnu_cxx17__is_null_pointerIKcEEbPT_
                0x00000000000028a5       0x16 build/objects/main.o
                0x00000000000028a5                bool __gnu_cxx::__is_null_pointer<char const>(char const*)
 .text._ZSt19__iterator_categoryIPKcENSt15iterator_traitsIT_E17iterator_categoryERKS3_
                0x00000000000028bb        0xe build/objects/main.o
                0x00000000000028bb                std::iterator_traits<char const*>::iterator_category std::__iterator_category<char const*>(char const* const&)
 .text._ZSt10__distanceIPKcENSt15iterator_traitsIT_E15difference_typeES3_S3_St26random_access_iterator_tag
                0x00000000000028c9       0x1a build/objects/main.o
                0x00000000000028c9                std::iterator_traits<char const*>::difference_type std::__distance<char const*>(char const*, char const*, std::random_access_iterator_tag)
 .text          0x00000000000028e3      0x15f build/objects/log.o
                0x00000000000028e3                LOG_INFO(std::__cxx11::basic_string<char, std::char_traits<char>, std::allocator<char> > const&)
                0x0000000000002933                LOG_WARNING(std::__cxx11::basic_string<char, std::char_traits<char>, std::allocator<char> > const&)
                0x0000000000002983                LOG_ERROR(std::__cxx11::basic_string<char, std::char_traits<char>, std::allocator<char> > const&)
 .text          0x0000000000002a42      0x125 build/objects/student.o
                0x0000000000002a42                studentInit()
 .text          0x0000000000002b67        0x0 /usr/lib/gcc/x86_64-linux-gnu/11/crtendS.o
 .text          0x0000000000002b67        0x0 /usr/lib/gcc/x86_64-linux-gnu/11/../../../x86_64-linux-gnu/crtn.o
 *(.gnu.warning)

.fini           0x0000000000002b68        0xd
 *(SORT_NONE(.fini))
 .fini          0x0000000000002b68        0x8 /usr/lib/gcc/x86_64-linux-gnu/11/../../../x86_64-linux-gnu/crti.o
                0x0000000000002b68                _fini
 .fini          0x0000000000002b70        0x5 /usr/lib/gcc/x86_64-linux-gnu/11/../../../x86_64-linux-gnu/crtn.o
                [!provide]                        PROVIDE (__etext = .)
                [!provide]                        PROVIDE (_etext = .)
                [!provide]                        PROVIDE (etext = .)
                0x0000000000003000                . = ALIGN (CONSTANT (MAXPAGESIZE))
                0x0000000000003000                . = SEGMENT_START ("rodata-segment", (ALIGN (CONSTANT (MAXPAGESIZE)) + (. & (CONSTANT (MAXPAGESIZE) - 0x1))))

.rodata         0x0000000000003000       0xa2
 *(.rodata .rodata.* .gnu.linkonce.r.*)
 .rodata.cst4   0x0000000000003000        0x4 /usr/lib/gcc/x86_64-linux-gnu/11/../../../x86_64-linux-gnu/Scrt1.o
                0x0000000000003000                _IO_stdin_used
 *fill*         0x0000000000003004        0x4 
 .rodata        0x0000000000003008       0x32 build/objects/main.o
 .rodata        0x000000000000303a       0x1c build/objects/log.o
 *fill*         0x0000000000003056        0x2 
 .rodata        0x0000000000003058       0x4a build/objects/student.o

.rodata1
 *(.rodata1)

.eh_frame_hdr   0x00000000000030a4       0xd4
 *(.eh_frame_hdr)
 .eh_frame_hdr  0x00000000000030a4       0xd4 /usr/lib/gcc/x86_64-linux-gnu/11/../../../x86_64-linux-gnu/Scrt1.o
                0x00000000000030a4                __GNU_EH_FRAME_HDR
 *(.eh_frame_entry .eh_frame_entry.*)

.eh_frame       0x0000000000003178      0x36c
 *(.eh_frame)
 .eh_frame      0x0000000000003178       0x30 /usr/lib/gcc/x86_64-linux-gnu/11/../../../x86_64-linux-gnu/Scrt1.o
                                         0x2c (size before relaxing)
 *fill*         0x00000000000031a8        0x0 
 .eh_frame      0x00000000000031a8       0x28 /usr/lib/gcc/x86_64-linux-gnu/11/../../../x86_64-linux-gnu/Scrt1.o
                                         0x40 (size before relaxing)
 .eh_frame      0x00000000000031d0       0x18 /usr/lib/gcc/x86_64-linux-gnu/11/../../../x86_64-linux-gnu/Scrt1.o
                                         0x30 (size before relaxing)
 .eh_frame      0x00000000000031e8       0x18 /usr/lib/gcc/x86_64-linux-gnu/11/../../../x86_64-linux-gnu/Scrt1.o
                                         0x30 (size before relaxing)
 .eh_frame      0x0000000000003200      0x1d8 build/objects/main.o
                                        0x1f0 (size before relaxing)
 .eh_frame      0x00000000000033d8       0xa0 build/objects/log.o
                                         0xb8 (size before relaxing)
 .eh_frame      0x0000000000003478       0x68 build/objects/student.o
                                        0x1f0 (size before relaxing)
 .eh_frame      0x00000000000034e0        0x4 /usr/lib/gcc/x86_64-linux-gnu/11/crtendS.o
 *(.eh_frame.*)

.gcc_except_table
                0x00000000000034e4       0xa0
 *(.gcc_except_table .gcc_except_table.*)
 .gcc_except_table
                0x00000000000034e4       0x54 build/objects/main.o
 .gcc_except_table
                0x0000000000003538       0x4c build/objects/student.o

.gnu_extab
 *(.gnu_extab*)

.exception_ranges
 *(.exception_ranges*)
                0x0000000000004cb0                . = DATA_SEGMENT_ALIGN (CONSTANT (MAXPAGESIZE), CONSTANT (COMMONPAGESIZE))

.eh_frame
 *(.eh_frame)
 *(.eh_frame.*)

.gnu_extab
 *(.gnu_extab)

.gcc_except_table
 *(.gcc_except_table .gcc_except_table.*)

.exception_ranges
 *(.exception_ranges*)

.tdata          0x0000000000004cb0        0x0
                [!provide]                        PROVIDE (__tdata_start = .)
 *(.tdata .tdata.* .gnu.linkonce.td.*)

.tbss
 *(.tbss .tbss.* .gnu.linkonce.tb.*)
 *(.tcommon)

.preinit_array  0x0000000000004cb0        0x0
                [!provide]                        PROVIDE (__preinit_array_start = .)
 *(.preinit_array)
                [!provide]                        PROVIDE (__preinit_array_end = .)

.init_array     0x0000000000004cb0       0x20
                [!provide]                        PROVIDE (__init_array_start = .)
 *(SORT_BY_INIT_PRIORITY(.init_array.*) SORT_BY_INIT_PRIORITY(.ctors.*))
 *(.init_array EXCLUDE_FILE(*crtend?.o *crtend.o *crtbegin?.o *crtbegin.o) .ctors)
 .init_array    0x0000000000004cb0        0x8 /usr/lib/gcc/x86_64-linux-gnu/11/crtbeginS.o
 .init_array    0x0000000000004cb8        0x8 build/objects/main.o
 .init_array    0x0000000000004cc0        0x8 build/objects/log.o
 .init_array    0x0000000000004cc8        0x8 build/objects/student.o
                [!provide]                        PROVIDE (__init_array_end = .)

.fini_array     0x0000000000004cd0        0x8
                [!provide]                        PROVIDE (__fini_array_start = .)
 *(SORT_BY_INIT_PRIORITY(.fini_array.*) SORT_BY_INIT_PRIORITY(.dtors.*))
 *(.fini_array EXCLUDE_FILE(*crtend?.o *crtend.o *crtbegin?.o *crtbegin.o) .dtors)
 .fini_array    0x0000000000004cd0        0x8 /usr/lib/gcc/x86_64-linux-gnu/11/crtbeginS.o
                [!provide]                        PROVIDE (__fini_array_end = .)

.ctors
 *crtbegin.o(.ctors)
 *crtbegin?.o(.ctors)
 *(EXCLUDE_FILE(*crtend?.o *crtend.o) .ctors)
 *(SORT_BY_NAME(.ctors.*))
 *(.ctors)

.dtors
 *crtbegin.o(.dtors)
 *crtbegin?.o(.dtors)
 *(EXCLUDE_FILE(*crtend?.o *crtend.o) .dtors)
 *(SORT_BY_NAME(.dtors.*))
 *(.dtors)

.jcr
 *(.jcr)

.data.rel.ro    0x0000000000004cd8        0x0
 *(.data.rel.ro.local* .gnu.linkonce.d.rel.ro.local.*)
 *(.data.rel.ro .data.rel.ro.* .gnu.linkonce.d.rel.ro.*)
 .data.rel.ro   0x0000000000004cd8        0x0 /usr/lib/gcc/x86_64-linux-gnu/11/../../../x86_64-linux-gnu/Scrt1.o

.dynamic        0x0000000000004cd8      0x210
 *(.dynamic)
 .dynamic       0x0000000000004cd8      0x210 /usr/lib/gcc/x86_64-linux-gnu/11/../../../x86_64-linux-gnu/Scrt1.o
                0x0000000000004cd8                _DYNAMIC

.got            0x0000000000004ee8      0x118
 *(.got.plt)
 .got.plt       0x0000000000004ee8       0xe0 /usr/lib/gcc/x86_64-linux-gnu/11/../../../x86_64-linux-gnu/Scrt1.o
                0x0000000000004ee8                _GLOBAL_OFFSET_TABLE_
 *(.igot.plt)
 *(.got)
 .got           0x0000000000004fc8       0x38 /usr/lib/gcc/x86_64-linux-gnu/11/../../../x86_64-linux-gnu/Scrt1.o
 *(.igot)
                0x0000000000005000                . = DATA_SEGMENT_RELRO_END (., 0x0)

.data           0x0000000000005000       0x18
 *(.data .data.* .gnu.linkonce.d.*)
 .data          0x0000000000005000        0x4 /usr/lib/gcc/x86_64-linux-gnu/11/../../../x86_64-linux-gnu/Scrt1.o
                0x0000000000005000                data_start
                0x0000000000005000                __data_start
 .data          0x0000000000005004        0x0 /usr/lib/gcc/x86_64-linux-gnu/11/../../../x86_64-linux-gnu/crti.o
 .data          0x0000000000005004        0x0 /usr/lib/gcc/x86_64-linux-gnu/11/crtbeginS.o
 *fill*         0x0000000000005004        0x4 
 .data.rel.local
                0x0000000000005008        0x8 /usr/lib/gcc/x86_64-linux-gnu/11/crtbeginS.o
                0x0000000000005008                __dso_handle
 .data          0x0000000000005010        0x0 build/objects/main.o
 .data.rel.local.DW.ref.__gxx_personality_v0
                0x0000000000005010        0x8 build/objects/main.o
                0x0000000000005010                DW.ref.__gxx_personality_v0
 .data          0x0000000000005018        0x0 build/objects/log.o
 .data          0x0000000000005018        0x0 build/objects/student.o
 .data          0x0000000000005018        0x0 /usr/lib/gcc/x86_64-linux-gnu/11/crtendS.o
 .data          0x0000000000005018        0x0 /usr/lib/gcc/x86_64-linux-gnu/11/../../../x86_64-linux-gnu/crtn.o

.tm_clone_table
                0x0000000000005018        0x0
 .tm_clone_table
                0x0000000000005018        0x0 /usr/lib/gcc/x86_64-linux-gnu/11/crtbeginS.o
 .tm_clone_table
                0x0000000000005018        0x0 /usr/lib/gcc/x86_64-linux-gnu/11/crtendS.o

.data1
 *(.data1)
                0x0000000000005018                _edata = .
                [!provide]                        PROVIDE (edata = .)
                0x0000000000005018                . = .
                0x0000000000005018                __bss_start = .

.bss            0x0000000000005040      0x118
 *(.dynbss)
 *fill*         0x0000000000005040        0x0 
 .dynbss        0x0000000000005040      0x110 /usr/lib/gcc/x86_64-linux-gnu/11/../../../x86_64-linux-gnu/Scrt1.o
                0x0000000000005040                std::cout@@GLIBCXX_3.4
 *(.bss .bss.* .gnu.linkonce.b.*)
 .bss           0x0000000000005150        0x0 /usr/lib/gcc/x86_64-linux-gnu/11/../../../x86_64-linux-gnu/Scrt1.o
 .bss           0x0000000000005150        0x0 /usr/lib/gcc/x86_64-linux-gnu/11/../../../x86_64-linux-gnu/crti.o
 .bss           0x0000000000005150        0x1 /usr/lib/gcc/x86_64-linux-gnu/11/crtbeginS.o
 .bss           0x0000000000005151        0x1 build/objects/main.o
 .bss           0x0000000000005152        0x1 build/objects/log.o
 .bss           0x0000000000005153        0x1 build/objects/student.o
 .bss           0x0000000000005154        0x0 /usr/lib/gcc/x86_64-linux-gnu/11/crtendS.o
 .bss           0x0000000000005154        0x0 /usr/lib/gcc/x86_64-linux-gnu/11/../../../x86_64-linux-gnu/crtn.o
 *(COMMON)
                0x0000000000005158                . = ALIGN ((. != 0x0)?0x8:0x1)
 *fill*         0x0000000000005154        0x4 

.lbss
 *(.dynlbss)
 *(.lbss .lbss.* .gnu.linkonce.lb.*)
 *(LARGE_COMMON)
                0x0000000000005158                . = ALIGN (0x8)
                0x0000000000005158                . = SEGMENT_START ("ldata-segment", .)

.lrodata
 *(.lrodata .lrodata.* .gnu.linkonce.lr.*)

.ldata          0x0000000000007158        0x0
 *(.ldata .ldata.* .gnu.linkonce.l.*)
                0x0000000000007158                . = ALIGN ((. != 0x0)?0x8:0x1)
                0x0000000000007158                . = ALIGN (0x8)
                0x0000000000005158                _end = .
                [!provide]                        PROVIDE (end = .)
                0x0000000000007158                . = DATA_SEGMENT_END (.)

.stab
 *(.stab)

.stabstr
 *(.stabstr)

.stab.excl
 *(.stab.excl)

.stab.exclstr
 *(.stab.exclstr)

.stab.index
 *(.stab.index)

.stab.indexstr
 *(.stab.indexstr)

.comment        0x0000000000000000       0x2d
 *(.comment)
 .comment       0x0000000000000000       0x2d /usr/lib/gcc/x86_64-linux-gnu/11/crtbeginS.o
                                         0x2e (size before relaxing)
 .comment       0x000000000000002d       0x2e build/objects/main.o
 .comment       0x000000000000002d       0x2e build/objects/log.o
 .comment       0x000000000000002d       0x2e build/objects/student.o
 .comment       0x000000000000002d       0x2e /usr/lib/gcc/x86_64-linux-gnu/11/crtendS.o

.gnu.build.attributes
 *(.gnu.build.attributes .gnu.build.attributes.*)

.debug
 *(.debug)

.line
 *(.line)

.debug_srcinfo
 *(.debug_srcinfo)

.debug_sfnames
 *(.debug_sfnames)

.debug_aranges  0x0000000000000000      0x1d0
 *(.debug_aranges)
 .debug_aranges
                0x0000000000000000       0xd0 build/objects/main.o
 .debug_aranges
                0x00000000000000d0       0x30 build/objects/log.o
 .debug_aranges
                0x0000000000000100       0xd0 build/objects/student.o

.debug_pubnames
 *(.debug_pubnames)

.debug_info     0x0000000000000000    0x106a8
 *(.debug_info .gnu.linkonce.wi.*)
 .debug_info    0x0000000000000000     0x5a0a build/objects/main.o
 .debug_info    0x0000000000005a0a     0x52a9 build/objects/log.o
 .debug_info    0x000000000000acb3     0x59f5 build/objects/student.o

.debug_abbrev   0x0000000000000000     0x19df
 *(.debug_abbrev)
 .debug_abbrev  0x0000000000000000      0x942 build/objects/main.o
 .debug_abbrev  0x0000000000000942      0x76f build/objects/log.o
 .debug_abbrev  0x00000000000010b1      0x92e build/objects/student.o

.debug_line     0x0000000000000000      0x8b3
 *(.debug_line .debug_line.* .debug_line_end)
 .debug_line    0x0000000000000000      0x391 build/objects/main.o
 .debug_line    0x0000000000000391      0x19d build/objects/log.o
 .debug_line    0x000000000000052e      0x385 build/objects/student.o

.debug_frame
 *(.debug_frame)

.debug_str      0x0000000000000000     0x713d
 *(.debug_str)
 .debug_str     0x0000000000000000     0x6e05 build/objects/main.o
                                       0x7289 (size before relaxing)
 .debug_str     0x0000000000006e05      0x318 build/objects/log.o
                                       0x6cc5 (size before relaxing)
 .debug_str     0x000000000000711d       0x20 build/objects/student.o
                                       0x7290 (size before relaxing)

.debug_loc
 *(.debug_loc)

.debug_macinfo
 *(.debug_macinfo)

.debug_weaknames
 *(.debug_weaknames)

.debug_funcnames
 *(.debug_funcnames)

.debug_typenames
 *(.debug_typenames)

.debug_varnames
 *(.debug_varnames)

.debug_pubtypes
 *(.debug_pubtypes)

.debug_ranges
 *(.debug_ranges)

.debug_addr
 *(.debug_addr)

.debug_line_str
                0x0000000000000000      0x3c1
 *(.debug_line_str)
 .debug_line_str
                0x0000000000000000      0x38c build/objects/main.o
                                        0x404 (size before relaxing)
 .debug_line_str
                0x000000000000038c       0x1a build/objects/log.o
                                        0x3a5 (size before relaxing)
 .debug_line_str
                0x00000000000003a6       0x1b build/objects/student.o
                                        0x404 (size before relaxing)

.debug_loclists
 *(.debug_loclists)

.debug_macro
 *(.debug_macro)

.debug_names
 *(.debug_names)

.debug_rnglists
                0x0000000000000000       0xfc
 *(.debug_rnglists)
 .debug_rnglists
                0x0000000000000000       0x7e build/objects/main.o
 .debug_rnglists
                0x000000000000007e       0x7e build/objects/student.o

.debug_str_offsets
 *(.debug_str_offsets)

.debug_sup
 *(.debug_sup)

.gnu.attributes
 *(.gnu.attributes)

/DISCARD/
 *(.note.GNU-stack)
 *(.gnu_debuglink)
 *(.gnu.lto_*)
OUTPUT(./build/bin/app.exe elf64-x86-64)
